------------------------------------------------------------
Timing Analyzer Summary
------------------------------------------------------------

Type  : Slow 1100mV 85C Model Setup 'KEY[0]'
Slack : -9.118
TNS   : -15457.755

Type  : Slow 1100mV 85C Model Hold 'KEY[0]'
Slack : 0.724
TNS   : 0.000

Type  : Slow 1100mV 85C Model Minimum Pulse Width 'KEY[0]'
Slack : -0.538
TNS   : -1802.351

Type  : Slow 1100mV 0C Model Setup 'KEY[0]'
Slack : -9.077
TNS   : -15031.912

Type  : Slow 1100mV 0C Model Hold 'KEY[0]'
Slack : 0.675
TNS   : 0.000

Type  : Slow 1100mV 0C Model Minimum Pulse Width 'KEY[0]'
Slack : -0.538
TNS   : -1762.623

Type  : Fast 1100mV 85C Model Setup 'KEY[0]'
Slack : -4.284
TNS   : -6865.330

Type  : Fast 1100mV 85C Model Hold 'KEY[0]'
Slack : 0.353
TNS   : 0.000

Type  : Fast 1100mV 85C Model Minimum Pulse Width 'KEY[0]'
Slack : -0.269
TNS   : -590.623

Type  : Fast 1100mV 0C Model Setup 'KEY[0]'
Slack : -3.767
TNS   : -5929.820

Type  : Fast 1100mV 0C Model Hold 'KEY[0]'
Slack : 0.320
TNS   : 0.000

Type  : Fast 1100mV 0C Model Minimum Pulse Width 'KEY[0]'
Slack : -0.263
TNS   : -577.935

------------------------------------------------------------
