------------------------------------------------------------
Timing Analyzer Summary
------------------------------------------------------------

Type  : Slow 1100mV 85C Model Setup 'KEY[0]'
Slack : -11.479
TNS   : -21684.302

Type  : Slow 1100mV 85C Model Hold 'KEY[0]'
Slack : 0.818
TNS   : 0.000

Type  : Slow 1100mV 85C Model Minimum Pulse Width 'KEY[0]'
Slack : -0.538
TNS   : -1919.083

Type  : Slow 1100mV 0C Model Setup 'KEY[0]'
Slack : -11.281
TNS   : -21223.363

Type  : Slow 1100mV 0C Model Hold 'KEY[0]'
Slack : 0.785
TNS   : 0.000

Type  : Slow 1100mV 0C Model Minimum Pulse Width 'KEY[0]'
Slack : -0.538
TNS   : -1876.209

Type  : Fast 1100mV 85C Model Setup 'KEY[0]'
Slack : -5.807
TNS   : -9826.614

Type  : Fast 1100mV 85C Model Hold 'KEY[0]'
Slack : 0.405
TNS   : 0.000

Type  : Fast 1100mV 85C Model Minimum Pulse Width 'KEY[0]'
Slack : -0.270
TNS   : -628.889

Type  : Fast 1100mV 0C Model Setup 'KEY[0]'
Slack : -5.080
TNS   : -8605.686

Type  : Fast 1100mV 0C Model Hold 'KEY[0]'
Slack : 0.371
TNS   : 0.000

Type  : Fast 1100mV 0C Model Minimum Pulse Width 'KEY[0]'
Slack : -0.264
TNS   : -615.322

------------------------------------------------------------
