------------------------------------------------------------
Timing Analyzer Summary
------------------------------------------------------------

Type  : Slow 1100mV 85C Model Setup 'CLOCK_50'
Slack : -0.827
TNS   : -3.924

Type  : Slow 1100mV 85C Model Hold 'CLOCK_50'
Slack : 0.829
TNS   : 0.000

Type  : Slow 1100mV 85C Model Minimum Pulse Width 'CLOCK_50'
Slack : -0.538
TNS   : -4.623

Type  : Slow 1100mV 0C Model Setup 'CLOCK_50'
Slack : -0.971
TNS   : -4.650

Type  : Slow 1100mV 0C Model Hold 'CLOCK_50'
Slack : 0.884
TNS   : 0.000

Type  : Slow 1100mV 0C Model Minimum Pulse Width 'CLOCK_50'
Slack : -0.538
TNS   : -4.866

Type  : Fast 1100mV 85C Model Setup 'CLOCK_50'
Slack : 0.183
TNS   : 0.000

Type  : Fast 1100mV 85C Model Hold 'CLOCK_50'
Slack : 0.304
TNS   : 0.000

Type  : Fast 1100mV 85C Model Minimum Pulse Width 'CLOCK_50'
Slack : -0.083
TNS   : -0.495

Type  : Fast 1100mV 0C Model Setup 'CLOCK_50'
Slack : 0.198
TNS   : 0.000

Type  : Fast 1100mV 0C Model Hold 'CLOCK_50'
Slack : 0.295
TNS   : 0.000

Type  : Fast 1100mV 0C Model Minimum Pulse Width 'CLOCK_50'
Slack : -0.087
TNS   : -0.516

------------------------------------------------------------
