------------------------------------------------------------
Timing Analyzer Summary
------------------------------------------------------------

Type  : Slow 1100mV 85C Model Setup 'CLOCK_50'
Slack : -8.420
TNS   : -14384.657

Type  : Slow 1100mV 85C Model Hold 'CLOCK_50'
Slack : 0.949
TNS   : 0.000

Type  : Slow 1100mV 85C Model Minimum Pulse Width 'CLOCK_50'
Slack : -0.538
TNS   : -1745.352

Type  : Slow 1100mV 0C Model Setup 'CLOCK_50'
Slack : -8.355
TNS   : -13999.629

Type  : Slow 1100mV 0C Model Hold 'CLOCK_50'
Slack : 0.881
TNS   : 0.000

Type  : Slow 1100mV 0C Model Minimum Pulse Width 'CLOCK_50'
Slack : -0.538
TNS   : -1761.904

Type  : Fast 1100mV 85C Model Setup 'CLOCK_50'
Slack : -4.130
TNS   : -6459.581

Type  : Fast 1100mV 85C Model Hold 'CLOCK_50'
Slack : 0.480
TNS   : 0.000

Type  : Fast 1100mV 85C Model Minimum Pulse Width 'CLOCK_50'
Slack : -0.094
TNS   : -193.179

Type  : Fast 1100mV 0C Model Setup 'CLOCK_50'
Slack : -3.572
TNS   : -5554.626

Type  : Fast 1100mV 0C Model Hold 'CLOCK_50'
Slack : 0.444
TNS   : 0.000

Type  : Fast 1100mV 0C Model Minimum Pulse Width 'CLOCK_50'
Slack : -0.096
TNS   : -198.716

------------------------------------------------------------
