Analysis & Synthesis report for Aula8
Mon Sep 27 23:21:47 2021
Quartus Prime Version 20.1.0 Build 711 06/05/2020 SJ Lite Edition


---------------------
; Table of Contents ;
---------------------
  1. Legal Notice
  2. Analysis & Synthesis Summary
  3. Analysis & Synthesis Settings
  4. Parallel Compilation
  5. Analysis & Synthesis Messages



----------------
; Legal Notice ;
----------------
Copyright (C) 2020  Intel Corporation. All rights reserved.
Your use of Intel Corporation's design tools, logic functions 
and other software and tools, and any partner logic 
functions, and any output files from any of the foregoing 
(including device programming or simulation files), and any 
associated documentation or information are expressly subject 
to the terms and conditions of the Intel Program License 
Subscription Agreement, the Intel Quartus Prime License Agreement,
the Intel FPGA IP License Agreement, or other applicable license
agreement, including, without limitation, that your use is for
the sole purpose of programming logic devices manufactured by
Intel and sold by Intel or its authorized distributors.  Please
refer to the applicable agreement for further details, at
https://fpgasoftware.intel.com/eula.



+---------------------------------------------------------------------------+
; Analysis & Synthesis Summary                                              ;
+-----------------------------+---------------------------------------------+
; Analysis & Synthesis Status ; Failed - Mon Sep 27 23:21:47 2021           ;
; Quartus Prime Version       ; 20.1.0 Build 711 06/05/2020 SJ Lite Edition ;
; Revision Name               ; Aula8                                       ;
; Top-level Entity Name       ; Aula8                                       ;
; Family                      ; Cyclone V                                   ;
; Logic utilization (in ALMs) ; N/A until Partition Merge                   ;
; Total registers             ; N/A until Partition Merge                   ;
; Total pins                  ; N/A until Partition Merge                   ;
; Total virtual pins          ; N/A until Partition Merge                   ;
; Total block memory bits     ; N/A until Partition Merge                   ;
; Total PLLs                  ; N/A until Partition Merge                   ;
; Total DLLs                  ; N/A until Partition Merge                   ;
+-----------------------------+---------------------------------------------+


+---------------------------------------------------------------------------------------------------------------------------+
; Analysis & Synthesis Settings                                                                                             ;
+---------------------------------------------------------------------------------+--------------------+--------------------+
; Option                                                                          ; Setting            ; Default Value      ;
+---------------------------------------------------------------------------------+--------------------+--------------------+
; Device                                                                          ; 5CEBA4F23C7        ;                    ;
; Top-level entity name                                                           ; Aula8              ; Aula8              ;
; Family name                                                                     ; Cyclone V          ; Cyclone V          ;
; VHDL Show LMF Mapping Messages                                                  ; Off                ;                    ;
; VHDL Version                                                                    ; VHDL_2008          ; VHDL_1993          ;
; Use smart compilation                                                           ; Off                ; Off                ;
; Enable parallel Assembler and Timing Analyzer during compilation                ; On                 ; On                 ;
; Enable compact report table                                                     ; Off                ; Off                ;
; Restructure Multiplexers                                                        ; Auto               ; Auto               ;
; MLAB Add Timing Constraints For Mixed-Port Feed-Through Mode Setting Don't Care ; Off                ; Off                ;
; Create Debugging Nodes for IP Cores                                             ; Off                ; Off                ;
; Preserve fewer node names                                                       ; On                 ; On                 ;
; Intel FPGA IP Evaluation Mode                                                   ; Enable             ; Enable             ;
; Verilog Version                                                                 ; Verilog_2001       ; Verilog_2001       ;
; State Machine Processing                                                        ; Auto               ; Auto               ;
; Safe State Machine                                                              ; Off                ; Off                ;
; Extract Verilog State Machines                                                  ; On                 ; On                 ;
; Extract VHDL State Machines                                                     ; On                 ; On                 ;
; Ignore Verilog initial constructs                                               ; Off                ; Off                ;
; Iteration limit for constant Verilog loops                                      ; 5000               ; 5000               ;
; Iteration limit for non-constant Verilog loops                                  ; 250                ; 250                ;
; Add Pass-Through Logic to Inferred RAMs                                         ; On                 ; On                 ;
; Infer RAMs from Raw Logic                                                       ; On                 ; On                 ;
; Parallel Synthesis                                                              ; On                 ; On                 ;
; DSP Block Balancing                                                             ; Auto               ; Auto               ;
; NOT Gate Push-Back                                                              ; On                 ; On                 ;
; Power-Up Don't Care                                                             ; On                 ; On                 ;
; Remove Redundant Logic Cells                                                    ; Off                ; Off                ;
; Remove Duplicate Registers                                                      ; On                 ; On                 ;
; Ignore CARRY Buffers                                                            ; Off                ; Off                ;
; Ignore CASCADE Buffers                                                          ; Off                ; Off                ;
; Ignore GLOBAL Buffers                                                           ; Off                ; Off                ;
; Ignore ROW GLOBAL Buffers                                                       ; Off                ; Off                ;
; Ignore LCELL Buffers                                                            ; Off                ; Off                ;
; Ignore SOFT Buffers                                                             ; On                 ; On                 ;
; Limit AHDL Integers to 32 Bits                                                  ; Off                ; Off                ;
; Optimization Technique                                                          ; Balanced           ; Balanced           ;
; Carry Chain Length                                                              ; 70                 ; 70                 ;
; Auto Carry Chains                                                               ; On                 ; On                 ;
; Auto Open-Drain Pins                                                            ; On                 ; On                 ;
; Perform WYSIWYG Primitive Resynthesis                                           ; Off                ; Off                ;
; Auto ROM Replacement                                                            ; On                 ; On                 ;
; Auto RAM Replacement                                                            ; On                 ; On                 ;
; Auto DSP Block Replacement                                                      ; On                 ; On                 ;
; Auto Shift Register Replacement                                                 ; Auto               ; Auto               ;
; Allow Shift Register Merging across Hierarchies                                 ; Auto               ; Auto               ;
; Auto Clock Enable Replacement                                                   ; On                 ; On                 ;
; Strict RAM Replacement                                                          ; Off                ; Off                ;
; Allow Synchronous Control Signals                                               ; On                 ; On                 ;
; Force Use of Synchronous Clear Signals                                          ; Off                ; Off                ;
; Auto Resource Sharing                                                           ; Off                ; Off                ;
; Allow Any RAM Size For Recognition                                              ; Off                ; Off                ;
; Allow Any ROM Size For Recognition                                              ; Off                ; Off                ;
; Allow Any Shift Register Size For Recognition                                   ; Off                ; Off                ;
; Use LogicLock Constraints during Resource Balancing                             ; On                 ; On                 ;
; Ignore translate_off and synthesis_off directives                               ; Off                ; Off                ;
; Timing-Driven Synthesis                                                         ; On                 ; On                 ;
; Report Parameter Settings                                                       ; On                 ; On                 ;
; Report Source Assignments                                                       ; On                 ; On                 ;
; Report Connectivity Checks                                                      ; On                 ; On                 ;
; Ignore Maximum Fan-Out Assignments                                              ; Off                ; Off                ;
; Synchronization Register Chain Length                                           ; 3                  ; 3                  ;
; Power Optimization During Synthesis                                             ; Normal compilation ; Normal compilation ;
; HDL message level                                                               ; Level2             ; Level2             ;
; Suppress Register Optimization Related Messages                                 ; Off                ; Off                ;
; Number of Removed Registers Reported in Synthesis Report                        ; 5000               ; 5000               ;
; Number of Swept Nodes Reported in Synthesis Report                              ; 5000               ; 5000               ;
; Number of Inverted Registers Reported in Synthesis Report                       ; 100                ; 100                ;
; Clock MUX Protection                                                            ; On                 ; On                 ;
; Auto Gated Clock Conversion                                                     ; Off                ; Off                ;
; Block Design Naming                                                             ; Auto               ; Auto               ;
; SDC constraint protection                                                       ; Off                ; Off                ;
; Synthesis Effort                                                                ; Auto               ; Auto               ;
; Shift Register Replacement - Allow Asynchronous Clear Signal                    ; On                 ; On                 ;
; Pre-Mapping Resynthesis Optimization                                            ; Off                ; Off                ;
; Analysis & Synthesis Message Level                                              ; Medium             ; Medium             ;
; Disable Register Merging Across Hierarchies                                     ; Auto               ; Auto               ;
; Resource Aware Inference For Block RAM                                          ; On                 ; On                 ;
; Automatic Parallel Synthesis                                                    ; On                 ; On                 ;
; Partial Reconfiguration Bitstream ID                                            ; Off                ; Off                ;
+---------------------------------------------------------------------------------+--------------------+--------------------+


+------------------------------------------+
; Parallel Compilation                     ;
+----------------------------+-------------+
; Processors                 ; Number      ;
+----------------------------+-------------+
; Number detected on machine ; 8           ;
; Maximum allowed            ; 4           ;
;                            ;             ;
; Average used               ; 1.00        ;
; Maximum used               ; 1           ;
;                            ;             ;
; Usage by Processor         ; % Time Used ;
;     Processor 1            ; 100.0%      ;
+----------------------------+-------------+


+-------------------------------+
; Analysis & Synthesis Messages ;
+-------------------------------+
Info: *******************************************************************
Info: Running Quartus Prime Analysis & Synthesis
    Info: Version 20.1.0 Build 711 06/05/2020 SJ Lite Edition
    Info: Processing started: Mon Sep 27 23:21:40 2021
Info: Command: quartus_map --read_settings_files=on --write_settings_files=off Aula8 -c Aula8
Warning (18236): Number of processors has not been specified which may cause overloading on shared machines.  Set the global assignment NUM_PARALLEL_PROCESSORS in your QSF to an appropriate value for best performance.
Info (20030): Parallel compilation is enabled and will use 4 of the 4 processors detected
Info (12021): Found 2 design units, including 1 entities, in source file conversorHex7Seg.vhd
    Info (12022): Found design unit 1: conversorHex7Seg-comportamento File: /home/deku/Facul/DesignComputadores/DesComp/Aula8/conversorHex7Seg.vhd Line: 17
    Info (12023): Found entity 1: conversorHex7Seg File: /home/deku/Facul/DesignComputadores/DesComp/Aula8/conversorHex7Seg.vhd Line: 4
Info (12021): Found 2 design units, including 1 entities, in source file Aula8.vhd
    Info (12022): Found design unit 1: Aula8-arquitetura File: /home/deku/Facul/DesignComputadores/DesComp/Aula8/Aula8.vhd Line: 27
    Info (12023): Found entity 1: Aula8 File: /home/deku/Facul/DesignComputadores/DesComp/Aula8/Aula8.vhd Line: 4
Info (12021): Found 2 design units, including 1 entities, in source file MemoriaRAM.vhd
    Info (12022): Found design unit 1: memoriaRAM-rtl File: /home/deku/Facul/DesignComputadores/DesComp/Aula8/MemoriaRAM.vhd Line: 21
    Info (12023): Found entity 1: memoriaRAM File: /home/deku/Facul/DesignComputadores/DesComp/Aula8/MemoriaRAM.vhd Line: 5
Info (12021): Found 2 design units, including 1 entities, in source file Decoder.vhd
    Info (12022): Found design unit 1: Decoder-arch_name File: /home/deku/Facul/DesignComputadores/DesComp/Aula8/Decoder.vhd Line: 14
    Info (12023): Found entity 1: Decoder File: /home/deku/Facul/DesignComputadores/DesComp/Aula8/Decoder.vhd Line: 5
Info (12021): Found 2 design units, including 1 entities, in source file MuxGenerico.vhd
    Info (12022): Found design unit 1: muxGenerico2x1-comportamento File: /home/deku/Facul/DesignComputadores/DesComp/Aula8/MuxGenerico.vhd Line: 14
    Info (12023): Found entity 1: muxGenerico2x1 File: /home/deku/Facul/DesignComputadores/DesComp/Aula8/MuxGenerico.vhd Line: 4
Info (12021): Found 3 design units, including 1 entities, in source file EdgeDetector.vhd
    Info (12022): Found design unit 1: edgeDetector-bordaSubida File: /home/deku/Facul/DesignComputadores/DesComp/Aula8/EdgeDetector.vhd Line: 10
    Info (12022): Found design unit 2: edgeDetector-bordaDescida File: /home/deku/Facul/DesignComputadores/DesComp/Aula8/EdgeDetector.vhd Line: 23
    Info (12023): Found entity 1: edgeDetector File: /home/deku/Facul/DesignComputadores/DesComp/Aula8/EdgeDetector.vhd Line: 4
Info (12021): Found 2 design units, including 1 entities, in source file MemoriaROM.vhd
    Info (12022): Found design unit 1: memoriaROM-assincrona File: /home/deku/Facul/DesignComputadores/DesComp/Aula8/MemoriaROM.vhd Line: 16
    Info (12023): Found entity 1: memoriaROM File: /home/deku/Facul/DesignComputadores/DesComp/Aula8/MemoriaROM.vhd Line: 5
Info (12021): Found 2 design units, including 1 entities, in source file RegistradorGenerico.vhd
    Info (12022): Found design unit 1: registradorGenerico-comportamento File: /home/deku/Facul/DesignComputadores/DesComp/Aula8/RegistradorGenerico.vhd Line: 15
    Info (12023): Found entity 1: registradorGenerico File: /home/deku/Facul/DesignComputadores/DesComp/Aula8/RegistradorGenerico.vhd Line: 4
Info (12021): Found 2 design units, including 1 entities, in source file UlaSomaSub.vhd
    Info (12022): Found design unit 1: ULASomaSub-comportamento File: /home/deku/Facul/DesignComputadores/DesComp/Aula8/UlaSomaSub.vhd Line: 15
    Info (12023): Found entity 1: ULASomaSub File: /home/deku/Facul/DesignComputadores/DesComp/Aula8/UlaSomaSub.vhd Line: 5
Warning (12019): Can't analyze file -- file Aula5.vhd is missing
Info (12021): Found 2 design units, including 1 entities, in source file SomaConstante.vhd
    Info (12022): Found design unit 1: somaConstante-comportamento File: /home/deku/Facul/DesignComputadores/DesComp/Aula8/SomaConstante.vhd Line: 18
    Info (12023): Found entity 1: somaConstante File: /home/deku/Facul/DesignComputadores/DesComp/Aula8/SomaConstante.vhd Line: 5
Info (12021): Found 2 design units, including 1 entities, in source file muxGenerico4x1.vhd
    Info (12022): Found design unit 1: muxGenerico4x1-comportamento File: /home/deku/Facul/DesignComputadores/DesComp/Aula8/muxGenerico4x1.vhd Line: 14
    Info (12023): Found entity 1: muxGenerico4x1 File: /home/deku/Facul/DesignComputadores/DesComp/Aula8/muxGenerico4x1.vhd Line: 4
Info (12021): Found 2 design units, including 1 entities, in source file LogicaDesvio.vhd
    Info (12022): Found design unit 1: LogicaDesvio-arch_name File: /home/deku/Facul/DesignComputadores/DesComp/Aula8/LogicaDesvio.vhd Line: 14
    Info (12023): Found entity 1: LogicaDesvio File: /home/deku/Facul/DesignComputadores/DesComp/Aula8/LogicaDesvio.vhd Line: 5
Info (12021): Found 2 design units, including 1 entities, in source file Registrador1X1.vhd
    Info (12022): Found design unit 1: Registrador1X1-comportamento File: /home/deku/Facul/DesignComputadores/DesComp/Aula8/Registrador1X1.vhd Line: 15
    Info (12023): Found entity 1: Registrador1X1 File: /home/deku/Facul/DesignComputadores/DesComp/Aula8/Registrador1X1.vhd Line: 4
Info (12021): Found 2 design units, including 1 entities, in source file Decoder3X8.vhd
    Info (12022): Found design unit 1: Decoder3x8-arquitetura File: /home/deku/Facul/DesignComputadores/DesComp/Aula8/Decoder3X8.vhd Line: 18
    Info (12023): Found entity 1: Decoder3x8 File: /home/deku/Facul/DesignComputadores/DesComp/Aula8/Decoder3X8.vhd Line: 5
Info (12021): Found 2 design units, including 1 entities, in source file CPU.vhd
    Info (12022): Found design unit 1: CPU-arquitetura File: /home/deku/Facul/DesignComputadores/DesComp/Aula8/CPU.vhd Line: 32
    Info (12023): Found entity 1: CPU File: /home/deku/Facul/DesignComputadores/DesComp/Aula8/CPU.vhd Line: 5
Info (15248): File "/home/deku/Facul/DesignComputadores/DesComp/Aula5/conversorHex7Seg.vhd" is a duplicate of already analyzed file "/home/deku/Facul/DesignComputadores/DesComp/Aula8/conversorHex7Seg.vhd" (same filename, same library name and same md5 digest). Skipping analysis of this file.
Info (12021): Found 0 design units, including 0 entities, in source file /home/deku/Facul/DesignComputadores/DesComp/Aula5/conversorHex7Seg.vhd
Error (10482): VHDL error at CPU.vhd(80): object "SomaUm_MUX_Desvio" is used but not declared File: /home/deku/Facul/DesignComputadores/DesComp/Aula8/CPU.vhd Line: 80
Error (10482): VHDL error at CPU.vhd(82): object "REG_END_MUX" is used but not declared File: /home/deku/Facul/DesignComputadores/DesComp/Aula8/CPU.vhd Line: 82
Error (10482): VHDL error at CPU.vhd(84): object "SelMux_MUXROM" is used but not declared File: /home/deku/Facul/DesignComputadores/DesComp/Aula8/CPU.vhd Line: 84
Error (10482): VHDL error at CPU.vhd(85): object "MUX_Desvio_PC" is used but not declared File: /home/deku/Facul/DesignComputadores/DesComp/Aula8/CPU.vhd Line: 85
Error (10558): VHDL error at CPU.vhd(85): cannot associate formal port "saida_MUX" of mode "out" with an expression File: /home/deku/Facul/DesignComputadores/DesComp/Aula8/CPU.vhd Line: 85
Error: Quartus Prime Analysis & Synthesis was unsuccessful. 5 errors, 2 warnings
    Error: Peak virtual memory: 467 megabytes
    Error: Processing ended: Mon Sep 27 23:21:47 2021
    Error: Elapsed time: 00:00:07
    Error: Total CPU time (on all processors): 00:00:19


