------------------------------------------------------------
Timing Analyzer Summary
------------------------------------------------------------

Type  : Slow 1100mV 85C Model Setup 'CLOCK_50'
Slack : -10.314
TNS   : -4710.806

Type  : Slow 1100mV 85C Model Hold 'CLOCK_50'
Slack : 0.447
TNS   : 0.000

Type  : Slow 1100mV 85C Model Recovery 'SW[9]'
Slack : -3.964
TNS   : -3.964

Type  : Slow 1100mV 85C Model Recovery 'KEY[1]'
Slack : -3.799
TNS   : -3.799

Type  : Slow 1100mV 85C Model Removal 'KEY[1]'
Slack : 1.180
TNS   : 0.000

Type  : Slow 1100mV 85C Model Removal 'SW[9]'
Slack : 1.369
TNS   : 0.000

Type  : Slow 1100mV 85C Model Minimum Pulse Width 'SW[9]'
Slack : -0.813
TNS   : -1.419

Type  : Slow 1100mV 85C Model Minimum Pulse Width 'CLOCK_50'
Slack : -0.538
TNS   : -580.203

Type  : Slow 1100mV 85C Model Minimum Pulse Width 'KEY[1]'
Slack : -0.538
TNS   : -0.920

Type  : Slow 1100mV 0C Model Setup 'CLOCK_50'
Slack : -10.374
TNS   : -4586.783

Type  : Slow 1100mV 0C Model Hold 'CLOCK_50'
Slack : 0.452
TNS   : 0.000

Type  : Slow 1100mV 0C Model Recovery 'SW[9]'
Slack : -4.277
TNS   : -4.277

Type  : Slow 1100mV 0C Model Recovery 'KEY[1]'
Slack : -3.990
TNS   : -3.990

Type  : Slow 1100mV 0C Model Removal 'KEY[1]'
Slack : 1.241
TNS   : 0.000

Type  : Slow 1100mV 0C Model Removal 'SW[9]'
Slack : 1.602
TNS   : 0.000

Type  : Slow 1100mV 0C Model Minimum Pulse Width 'SW[9]'
Slack : -0.817
TNS   : -1.465

Type  : Slow 1100mV 0C Model Minimum Pulse Width 'CLOCK_50'
Slack : -0.538
TNS   : -513.347

Type  : Slow 1100mV 0C Model Minimum Pulse Width 'KEY[1]'
Slack : -0.538
TNS   : -0.934

Type  : Fast 1100mV 85C Model Setup 'CLOCK_50'
Slack : -4.920
TNS   : -2141.060

Type  : Fast 1100mV 85C Model Hold 'CLOCK_50'
Slack : 0.183
TNS   : 0.000

Type  : Fast 1100mV 85C Model Recovery 'SW[9]'
Slack : -1.937
TNS   : -1.937

Type  : Fast 1100mV 85C Model Recovery 'KEY[1]'
Slack : -1.510
TNS   : -1.510

Type  : Fast 1100mV 85C Model Removal 'KEY[1]'
Slack : 0.233
TNS   : 0.000

Type  : Fast 1100mV 85C Model Removal 'SW[9]'
Slack : 0.680
TNS   : 0.000

Type  : Fast 1100mV 85C Model Minimum Pulse Width 'SW[9]'
Slack : -0.815
TNS   : -1.992

Type  : Fast 1100mV 85C Model Minimum Pulse Width 'KEY[1]'
Slack : -0.454
TNS   : -1.356

Type  : Fast 1100mV 85C Model Minimum Pulse Width 'CLOCK_50'
Slack : -0.409
TNS   : -298.740

Type  : Fast 1100mV 0C Model Setup 'CLOCK_50'
Slack : -4.307
TNS   : -1849.041

Type  : Fast 1100mV 0C Model Hold 'CLOCK_50'
Slack : 0.174
TNS   : 0.000

Type  : Fast 1100mV 0C Model Recovery 'SW[9]'
Slack : -1.723
TNS   : -1.723

Type  : Fast 1100mV 0C Model Recovery 'KEY[1]'
Slack : -1.270
TNS   : -1.270

Type  : Fast 1100mV 0C Model Removal 'KEY[1]'
Slack : 0.193
TNS   : 0.000

Type  : Fast 1100mV 0C Model Removal 'SW[9]'
Slack : 0.658
TNS   : 0.000

Type  : Fast 1100mV 0C Model Minimum Pulse Width 'SW[9]'
Slack : -0.817
TNS   : -2.141

Type  : Fast 1100mV 0C Model Minimum Pulse Width 'KEY[1]'
Slack : -0.510
TNS   : -1.592

Type  : Fast 1100mV 0C Model Minimum Pulse Width 'CLOCK_50'
Slack : -0.446
TNS   : -354.997

------------------------------------------------------------
