------------------------------------------------------------
Timing Analyzer Summary
------------------------------------------------------------

Type  : Slow 1100mV 85C Model Setup 'CLOCK_50'
Slack : -10.231
TNS   : -4619.061

Type  : Slow 1100mV 85C Model Hold 'CLOCK_50'
Slack : 0.448
TNS   : 0.000

Type  : Slow 1100mV 85C Model Recovery 'KEY[1]'
Slack : -3.985
TNS   : -3.985

Type  : Slow 1100mV 85C Model Recovery 'SW[9]'
Slack : -3.741
TNS   : -3.741

Type  : Slow 1100mV 85C Model Removal 'SW[9]'
Slack : 0.656
TNS   : 0.000

Type  : Slow 1100mV 85C Model Removal 'KEY[1]'
Slack : 1.102
TNS   : 0.000

Type  : Slow 1100mV 85C Model Minimum Pulse Width 'SW[9]'
Slack : -0.904
TNS   : -1.637

Type  : Slow 1100mV 85C Model Minimum Pulse Width 'CLOCK_50'
Slack : -0.538
TNS   : -586.736

Type  : Slow 1100mV 85C Model Minimum Pulse Width 'KEY[1]'
Slack : -0.538
TNS   : -0.864

Type  : Slow 1100mV 0C Model Setup 'CLOCK_50'
Slack : -10.227
TNS   : -4502.080

Type  : Slow 1100mV 0C Model Hold 'CLOCK_50'
Slack : 0.456
TNS   : 0.000

Type  : Slow 1100mV 0C Model Recovery 'KEY[1]'
Slack : -4.272
TNS   : -4.272

Type  : Slow 1100mV 0C Model Recovery 'SW[9]'
Slack : -3.947
TNS   : -3.947

Type  : Slow 1100mV 0C Model Removal 'SW[9]'
Slack : 0.818
TNS   : 0.000

Type  : Slow 1100mV 0C Model Removal 'KEY[1]'
Slack : 1.304
TNS   : 0.000

Type  : Slow 1100mV 0C Model Minimum Pulse Width 'SW[9]'
Slack : -0.980
TNS   : -1.881

Type  : Slow 1100mV 0C Model Minimum Pulse Width 'CLOCK_50'
Slack : -0.538
TNS   : -519.452

Type  : Slow 1100mV 0C Model Minimum Pulse Width 'KEY[1]'
Slack : -0.538
TNS   : -0.865

Type  : Fast 1100mV 85C Model Setup 'CLOCK_50'
Slack : -4.876
TNS   : -2069.052

Type  : Fast 1100mV 85C Model Hold 'CLOCK_50'
Slack : 0.181
TNS   : 0.000

Type  : Fast 1100mV 85C Model Recovery 'SW[9]'
Slack : -1.743
TNS   : -1.743

Type  : Fast 1100mV 85C Model Recovery 'KEY[1]'
Slack : -1.619
TNS   : -1.619

Type  : Fast 1100mV 85C Model Removal 'KEY[1]'
Slack : 0.280
TNS   : 0.000

Type  : Fast 1100mV 85C Model Removal 'SW[9]'
Slack : 0.343
TNS   : 0.000

Type  : Fast 1100mV 85C Model Minimum Pulse Width 'SW[9]'
Slack : -0.943
TNS   : -2.453

Type  : Fast 1100mV 85C Model Minimum Pulse Width 'KEY[1]'
Slack : -0.412
TNS   : -1.210

Type  : Fast 1100mV 85C Model Minimum Pulse Width 'CLOCK_50'
Slack : -0.409
TNS   : -302.227

Type  : Fast 1100mV 0C Model Setup 'CLOCK_50'
Slack : -4.338
TNS   : -1789.514

Type  : Fast 1100mV 0C Model Hold 'CLOCK_50'
Slack : 0.173
TNS   : 0.000

Type  : Fast 1100mV 0C Model Recovery 'SW[9]'
Slack : -1.583
TNS   : -1.583

Type  : Fast 1100mV 0C Model Recovery 'KEY[1]'
Slack : -1.428
TNS   : -1.428

Type  : Fast 1100mV 0C Model Removal 'KEY[1]'
Slack : 0.274
TNS   : 0.000

Type  : Fast 1100mV 0C Model Removal 'SW[9]'
Slack : 0.357
TNS   : 0.000

Type  : Fast 1100mV 0C Model Minimum Pulse Width 'SW[9]'
Slack : -0.938
TNS   : -2.540

Type  : Fast 1100mV 0C Model Minimum Pulse Width 'KEY[1]'
Slack : -0.478
TNS   : -1.483

Type  : Fast 1100mV 0C Model Minimum Pulse Width 'CLOCK_50'
Slack : -0.446
TNS   : -359.532

------------------------------------------------------------
